Serveur prêt.
Serveur : client 0 connecté.
Serveur : client 1 connecté.
Serveur : client 2 connecté.
Serveur : client 3 connecté.

--- Tour 1 ---
Serveur prêt.
Serveur : client 0 connecté.
Serveur : client 1 connecté.
Serveur : client 2 connecté.
Serveur : client 3 connecté.

--- Tour 1 ---
Serveur prêt.
Serveur : client 0 connecté.
Serveur : client 1 connecté.
Serveur : client 2 connecté.
Serveur : client 3 connecté.

--- Tour 1 ---
Serveur prêt.
Serveur : client 0 connecté.
Serveur : client 1 connecté.
Serveur : client 2 connecté.
Serveur : client 3 connecté.

--- Tour 1 ---
Serveur prêt.
Serveur : client 0 connecté.
Serveur : client 1 connecté.
Serveur : client 2 connecté.
Serveur : client 3 connecté.

--- Tour 1 ---
Joueur 3 joue la carte 3
Joueur 2 joue la carte 7
Joueur 1 joue la carte 42
Joueur 0 joue la carte 69

--- Tour 2 ---
Serveur prêt.
Serveur : client 0 connecté.
Serveur : client 1 connecté.
Serveur : client 2 connecté.
Serveur : client 3 connecté.

--- Tour 1 ---
Joueur 3 joue la carte 3
Joueur 2 joue la carte 7
Joueur 1 joue la carte 42
Joueur 0 joue la carte 69

--- Tour 2 ---
Serveur prêt.
Serveur : client 0 connecté.
Serveur : client 1 connecté.
Serveur : client 2 connecté.
Serveur : client 3 connecté.

--- Tour 1 ---
Joueur 3 joue la carte 3
Joueur 2 joue la carte 7
Joueur 1 joue la carte 42
Joueur 0 joue la carte 69

--- Tour 2 ---
Serveur prêt.
Serveur : client 0 connecté.
Serveur : client 1 connecté.
Serveur : client 2 connecté.
Serveur : client 3 connecté.

--- Tour 1 ---
Joueur 3 joue la carte 3
Joueur 2 joue la carte 7
Joueur 1 joue la carte 42
Joueur 0 joue la carte 69

--- Tour 2 ---
Serveur prêt.
Serveur : client 0 connecté.
Serveur : client 1 connecté.
Serveur : client 2 connecté.
Serveur : client 3 connecté.

--- Tour 1 ---
Joueur 3 joue la carte 3
Joueur 2 joue la carte 7
Joueur 1 joue la carte 42
Joueur 0 joue la carte 69

--- Tour 2 ---
Joueur 3 joue la carte 1
Points encaisses : 5 (Total: 5)
Joueur 1 joue la carte 8
Joueur 2 joue la carte 17
Joueur 0 joue la carte 73

LOG
LOG|0|0
LOG|1|0
LOG|2|0
LOG|3|5

--- Tour 1 ---
Serveur prêt.
Serveur : client 0 connecté.
Serveur : client 1 connecté.
Serveur : client 2 connecté.
Serveur : client 3 connecté.

--- Tour 1 ---
Joueur 3 joue la carte 3
Joueur 2 joue la carte 7
Joueur 1 joue la carte 42
Joueur 0 joue la carte 69

--- Tour 2 ---
Joueur 3 joue la carte 1
Points encaisses : 5 (Total: 5)
Joueur 1 joue la carte 8
Joueur 2 joue la carte 17
Joueur 0 joue la carte 73

LOG
LOG|0|0
LOG|1|0
LOG|2|0
LOG|3|5

--- Tour 1 ---
Serveur prêt.
Serveur : client 0 connecté.
Serveur : client 1 connecté.
Serveur : client 2 connecté.
Serveur : client 3 connecté.

--- Tour 1 ---
Joueur 3 joue la carte 3
Joueur 2 joue la carte 7
Joueur 1 joue la carte 42
Joueur 0 joue la carte 69

--- Tour 2 ---
Joueur 3 joue la carte 1
Points encaisses : 5 (Total: 5)
Joueur 1 joue la carte 8
Joueur 2 joue la carte 17
Joueur 0 joue la carte 73

LOG
LOG|0|0
LOG|1|0
LOG|2|0
LOG|3|5

--- Tour 1 ---
Serveur prêt.
Serveur : client 0 connecté.
Serveur : client 1 connecté.
Serveur : client 2 connecté.
Serveur : client 3 connecté.

--- Tour 1 ---
Joueur 3 joue la carte 3
Joueur 2 joue la carte 7
Joueur 1 joue la carte 42
Joueur 0 joue la carte 69

--- Tour 2 ---
Joueur 3 joue la carte 1
Points encaisses : 5 (Total: 5)
Joueur 1 joue la carte 8
Joueur 2 joue la carte 17
Joueur 0 joue la carte 73

LOG
LOG|0|0
LOG|1|0
LOG|2|0
LOG|3|5

--- Tour 1 ---
Serveur prêt.
Serveur : client 0 connecté.
Serveur : client 1 connecté.
Serveur : client 2 connecté.
Serveur : client 3 connecté.

--- Tour 1 ---
Joueur 3 joue la carte 3
Joueur 2 joue la carte 7
Joueur 1 joue la carte 42
Joueur 0 joue la carte 69

--- Tour 2 ---
Joueur 3 joue la carte 1
Points encaisses : 5 (Total: 5)
Joueur 1 joue la carte 8
Joueur 2 joue la carte 17
Joueur 0 joue la carte 73

LOG
LOG|0|0
LOG|1|0
LOG|2|0
LOG|3|5

--- Tour 1 ---
Joueur 2 joue la carte 14
Points encaisses : 2 (Total: 2)
Joueur 0 joue la carte 20
Joueur 3 joue la carte 94
Joueur 1 joue la carte 101

--- Tour 2 ---
Serveur prêt.
Serveur : client 0 connecté.
Serveur : client 1 connecté.
Serveur : client 2 connecté.
Serveur : client 3 connecté.

--- Tour 1 ---
Joueur 3 joue la carte 3
Joueur 2 joue la carte 7
Joueur 1 joue la carte 42
Joueur 0 joue la carte 69

--- Tour 2 ---
Joueur 3 joue la carte 1
Points encaisses : 5 (Total: 5)
Joueur 1 joue la carte 8
Joueur 2 joue la carte 17
Joueur 0 joue la carte 73

LOG
LOG|0|0
LOG|1|0
LOG|2|0
LOG|3|5

--- Tour 1 ---
Joueur 2 joue la carte 14
Points encaisses : 2 (Total: 2)
Joueur 0 joue la carte 20
Joueur 3 joue la carte 94
Joueur 1 joue la carte 101

--- Tour 2 ---
Serveur prêt.
Serveur : client 0 connecté.
Serveur : client 1 connecté.
Serveur : client 2 connecté.
Serveur : client 3 connecté.

--- Tour 1 ---
Joueur 3 joue la carte 3
Joueur 2 joue la carte 7
Joueur 1 joue la carte 42
Joueur 0 joue la carte 69

--- Tour 2 ---
Joueur 3 joue la carte 1
Points encaisses : 5 (Total: 5)
Joueur 1 joue la carte 8
Joueur 2 joue la carte 17
Joueur 0 joue la carte 73

LOG
LOG|0|0
LOG|1|0
LOG|2|0
LOG|3|5

--- Tour 1 ---
Joueur 2 joue la carte 14
Points encaisses : 2 (Total: 2)
Joueur 0 joue la carte 20
Joueur 3 joue la carte 94
Joueur 1 joue la carte 101

--- Tour 2 ---
Serveur prêt.
Serveur : client 0 connecté.
Serveur : client 1 connecté.
Serveur : client 2 connecté.
Serveur : client 3 connecté.

--- Tour 1 ---
Joueur 3 joue la carte 3
Joueur 2 joue la carte 7
Joueur 1 joue la carte 42
Joueur 0 joue la carte 69

--- Tour 2 ---
Joueur 3 joue la carte 1
Points encaisses : 5 (Total: 5)
Joueur 1 joue la carte 8
Joueur 2 joue la carte 17
Joueur 0 joue la carte 73

LOG
LOG|0|0
LOG|1|0
LOG|2|0
LOG|3|5

--- Tour 1 ---
Joueur 2 joue la carte 14
Points encaisses : 2 (Total: 2)
Joueur 0 joue la carte 20
Joueur 3 joue la carte 94
Joueur 1 joue la carte 101

--- Tour 2 ---
Serveur prêt.
Serveur : client 0 connecté.
Serveur : client 1 connecté.
Serveur : client 2 connecté.
Serveur : client 3 connecté.

--- Tour 1 ---
Joueur 3 joue la carte 3
Joueur 2 joue la carte 7
Joueur 1 joue la carte 42
Joueur 0 joue la carte 69

--- Tour 2 ---
Joueur 3 joue la carte 1
Points encaisses : 5 (Total: 5)
Joueur 1 joue la carte 8
Joueur 2 joue la carte 17
Joueur 0 joue la carte 73

LOG
LOG|0|0
LOG|1|0
LOG|2|0
LOG|3|5

--- Tour 1 ---
Joueur 2 joue la carte 14
Points encaisses : 2 (Total: 2)
Joueur 0 joue la carte 20
Joueur 3 joue la carte 94
Joueur 1 joue la carte 101

--- Tour 2 ---
Joueur 3 joue la carte 44
Joueur 0 joue la carte 86
Joueur 1 joue la carte 87
Joueur 2 joue la carte 95

LOG
LOG|0|0
LOG|1|0
LOG|2|2
LOG|3|0
